// Jest Snapshot v1, https://goo.gl/fbAQLP

exports[`The Input should be rendered properly 1`] = `
<input
  className="nes-input"
/>
`;
