// Jest Snapshot v1, https://goo.gl/fbAQLP

exports[`The Textarea should be rendered properly 1`] = `
<textarea
  className="nes-textarea"
/>
`;
