// Jest Snapshot v1, https://goo.gl/fbAQLP

exports[`Checkbox Radio should be rendered properly 1`] = `
<input
  className="nes-checkbox"
  type="checkbox"
/>
`;
